%!Adobe-FontList 1.17
%Locale:0x409

%BeginFont
Handler:DirectoryHandler
FontType:Suitcase
FontName:AkzidenzGroteskBQ-BdCnd
OutlineFileName:\AkzidenzGroteskBQ-BdCnd.scr
ResourceID:3715
MacStyle:0
FileLength:18448
FileModTime:1422550995
%EndFont

%BeginFont
Handler:DirectoryHandler
FontType:Suitcase
FontName:AkzidenzGroteskBQ-Cnd
OutlineFileName:\AkzidenzGroteskBQ-Cnd.scr
ResourceID:3702
MacStyle:0
FileLength:17174
FileModTime:1422452625
%EndFont

%BeginFont
Handler:DirectoryHandler
FontType:Type1
FontName:AkzidenzGroteskBQ-BdCnd
FamilyName:Akzidenz-Grotesk BQ
StyleName:Bold Condensed
MenuName:Akzidenz-Grotesk BQ Bold Condensed
StyleBits:2
WeightClass:700
WidthClass:3
AngleClass:0
FullName:Akzidenz-Grotesk BQ Bold Condensed
WritingScript:Roman
OutlineFileName:\AkzidGroBQBdCnd
DataFormat:POSTResource
UsesStandardEncoding:no
isCFF:no
FileLength:57616
FileModTime:1422550995
DesignSize:-1
%EndFont

%BeginFont
Handler:DirectoryHandler
FontType:Type1
FontName:AkzidenzGroteskBQ-Cnd
FamilyName:Akzidenz-Grotesk BQ
StyleName:Condensed
MenuName:Akzidenz-Grotesk BQ Condensed
StyleBits:0
WeightClass:400
WidthClass:3
AngleClass:0
FullName:Akzidenz-Grotesk BQ Condensed
WritingScript:Roman
OutlineFileName:\AkzidGroBQCnd
DataFormat:POSTResource
UsesStandardEncoding:no
isCFF:no
FileLength:59267
FileModTime:1422452625
DesignSize:-1
%EndFont

%BeginFont
Handler:DirectoryHandler
FontType:Suitcase
FontName:BlairITC-Medium
OutlineFileName:\BlairITC-Medium.scr
ResourceID:12169
MacStyle:0
FileLength:16668
FileModTime:1424449182
%EndFont

%BeginFont
Handler:DirectoryHandler
FontType:Type1
FontName:BlairITC-Medium
FamilyName:Blair ITC
StyleName:Medium
MenuName:Blair ITC Medium
StyleBits:0
WeightClass:500
WidthClass:5
AngleClass:0
FullName:Blair ITC Medium
WritingScript:Roman
OutlineFileName:\BlairITCMed
DataFormat:POSTResource
UsesStandardEncoding:yes
isCFF:no
FileLength:33536
FileModTime:1424449182
DesignSize:-1
%EndFont

%BeginFont
Handler:DirectoryHandler
FontType:Type1
FontName:MinionPro-Regular
FamilyName:Minion Pro
StyleName:Regular
MenuName:Minion Pro
StyleBits:0
WeightClass:400
WidthClass:5
AngleClass:0
FullName:Minion Pro
WritingScript:Roman
OutlineFileName:\MinionPro-Regular.otf
DataFormat:sfntData
UsesStandardEncoding:yes
isCFF:yes
FileLength:218640
FileModTime:1458740836
DesignSize:110
NameArray:0,Mac,4,Minion Pro
NameArray:0,Win,1,Minion Pro
%EndFont

